$ vitest --reporter=verbose

[1m[30m[44m DEV [49m[39m[22m [34mv4.1.7 [39m[90m/Users/pragyajha/Personal/epub-reader[39m

 [32m✓[39m src/features/reader/engine/windowing/__tests__/chapter-window.test.ts[2m > [22mmaintainChapterWindow[2m > [22mconstants[2m > [22mhas WINDOW_RADIUS of 2[32m 2[2mms[22m[39m
 [32m✓[39m src/features/reader/engine/windowing/__tests__/chapter-window.test.ts[2m > [22mmaintainChapterWindow[2m > [22mconstants[2m > [22mcalculates MAX_WINDOW_SIZE correctly[32m 0[2mms[22m[39m
 [32m✓[39m src/features/reader/engine/windowing/__tests__/chapter-window.test.ts[2m > [22mmaintainChapterWindow[2m > [22mearly returns[2m > [22mreturns early if sections.length <= MAX_WINDOW_SIZE[32m 5[2mms[22m[39m
 [32m✓[39m src/features/reader/engine/windowing/__tests__/chapter-window.test.ts[2m > [22mmaintainChapterWindow[2m > [22mearly returns[2m > [22mreturns early if anchor section not found[32m 7[2mms[22m[39m
 [32m✓[39m src/features/reader/engine/windowing/__tests__/chapter-window.test.ts[2m > [22mmaintainChapterWindow[2m > [22mwindowing logic[2m > [22munmounts chapters outside window radius[32m 6[2mms[22m[39m
 [32m✓[39m src/features/reader/engine/windowing/__tests__/chapter-window.test.ts[2m > [22mmaintainChapterWindow[2m > [22mwindowing logic[2m > [22mkeeps chapters within window radius loaded[32m 2[2mms[22m[39m
 [32m✓[39m src/features/reader/engine/windowing/__tests__/chapter-window.test.ts[2m > [22mmaintainChapterWindow[2m > [22mwindowing logic[2m > [22mhandles activeIndex at start of book[32m 3[2mms[22m[39m
 [32m✓[39m src/features/reader/engine/windowing/__tests__/chapter-window.test.ts[2m > [22mmaintainChapterWindow[2m > [22mwindowing logic[2m > [22mhandles activeIndex at end of book[32m 2[2mms[22m[39m
 [32m✓[39m src/features/reader/engine/windowing/__tests__/chapter-window.test.ts[2m > [22mmaintainChapterWindow[2m > [22mwindowing logic[2m > [22mdoes not unmount activeIndex[32m 2[2mms[22m[39m
 [32m✓[39m src/features/reader/engine/windowing/__tests__/chapter-window.test.ts[2m > [22mmaintainChapterWindow[2m > [22mwindowing logic[2m > [22monly unmounts already-loaded indices[32m 1[2mms[22m[39m
 [32m✓[39m src/features/reader/engine/windowing/__tests__/chapter-window.test.ts[2m > [22mmaintainChapterWindow[2m > [22mscroll compensation[2m > [22mcompensates for scroll shift when anchor moves[32m 1[2mms[22m[39m
 [32m✓[39m src/features/reader/engine/windowing/__tests__/chapter-window.test.ts[2m > [22mmaintainChapterWindow[2m > [22mscroll compensation[2m > [22mdoes not scroll if anchor position unchanged[32m 1[2mms[22m[39m
 [31m×[39m src/features/reader/engine/windowing/__tests__/chapter-window.test.ts[2m > [22mmaintainChapterWindow[2m > [22masset revocation[2m > [22mrevokes blob URLs for unmounted chapters[32m 3[2mms[22m[39m
[31m   → expected "vi.fn()" to be called with arguments: [ +0 ][90m

Number of calls: [1m0[22m
[31m[39m
 [32m✓[39m src/features/reader/engine/windowing/__tests__/chapter-window.test.ts[2m > [22mmaintainChapterWindow[2m > [22masset revocation[2m > [22mhandles chapters with empty assetMaps[32m 1[2mms[22m[39m
 [32m✓[39m src/features/reader/engine/windowing/__tests__/chapter-window.test.ts[2m > [22mmaintainChapterWindow[2m > [22masset revocation[2m > [22mhandles undefined chapters gracefully[32m 1[2mms[22m[39m
 [32m✓[39m src/features/reader/engine/windowing/__tests__/chapter-window.test.ts[2m > [22mmaintainChapterWindow[2m > [22mintegration scenarios[2m > [22mhandles forward scrolling: moving to higher chapter indices[32m 1[2mms[22m[39m
 [32m✓[39m src/features/reader/engine/windowing/__tests__/chapter-window.test.ts[2m > [22mmaintainChapterWindow[2m > [22mintegration scenarios[2m > [22mhandles backward scrolling: moving to lower chapter indices[32m 1[2mms[22m[39m
 [31m×[39m src/features/reader/actions/__tests__/load-reader-book.test.ts[2m > [22mloadReaderBook[2m > [22msuccessful load[2m > [22mloads book from repository and parses it[32m 3[2mms[22m[39m
[31m   → Cannot read properties of undefined (reading 'opfXml')[39m
 [31m×[39m src/features/reader/actions/__tests__/load-reader-book.test.ts[2m > [22mloadReaderBook[2m > [22msuccessful load[2m > [22msets loading state to true during load[32m 0[2mms[22m[39m
[31m   → Cannot read properties of undefined (reading 'opfXml')[39m
 [31m×[39m src/features/reader/actions/__tests__/load-reader-book.test.ts[2m > [22mloadReaderBook[2m > [22msuccessful load[2m > [22mclears error state on successful load[32m 0[2mms[22m[39m
[31m   → Cannot read properties of undefined (reading 'opfXml')[39m
 [31m×[39m src/features/reader/actions/__tests__/load-reader-book.test.ts[2m > [22mloadReaderBook[2m > [22msuccessful load[2m > [22msets loading to false after successful load[32m 0[2mms[22m[39m
[31m   → Cannot read properties of undefined (reading 'opfXml')[39m
 [31m×[39m src/features/reader/actions/__tests__/load-reader-book.test.ts[2m > [22mloadReaderBook[2m > [22msuccessful load[2m > [22mcalls getBookWithFile with provided bookId[32m 0[2mms[22m[39m
[31m   → Cannot read properties of undefined (reading 'opfXml')[39m
 [31m×[39m src/features/reader/actions/__tests__/load-reader-book.test.ts[2m > [22mloadReaderBook[2m > [22msuccessful load[2m > [22msets readerDocument on successful load[32m 0[2mms[22m[39m
[31m   → Cannot read properties of undefined (reading 'opfXml')[39m
 [31m×[39m src/features/reader/actions/__tests__/load-reader-book.test.ts[2m > [22mloadReaderBook[2m > [22msuccessful load[2m > [22msets parsedBook on successful load[32m 0[2mms[22m[39m
[31m   → Cannot read properties of undefined (reading 'opfXml')[39m
 [32m✓[39m src/features/reader/actions/__tests__/load-reader-book.test.ts[2m > [22mloadReaderBook[2m > [22merror handling[2m > [22mthrows error when book not found[32m 1[2mms[22m[39m
 [32m✓[39m src/features/reader/actions/__tests__/load-reader-book.test.ts[2m > [22mloadReaderBook[2m > [22merror handling[2m > [22msets error message when book not found[32m 0[2mms[22m[39m
 [32m✓[39m src/features/reader/actions/__tests__/load-reader-book.test.ts[2m > [22mloadReaderBook[2m > [22merror handling[2m > [22msets loading to false on error[32m 0[2mms[22m[39m
 [32m✓[39m src/features/reader/actions/__tests__/load-reader-book.test.ts[2m > [22mloadReaderBook[2m > [22merror handling[2m > [22msets error message from Error object[32m 0[2mms[22m[39m
 [32m✓[39m src/features/reader/actions/__tests__/load-reader-book.test.ts[2m > [22mloadReaderBook[2m > [22merror handling[2m > [22msets generic error message for non-Error objects[32m 0[2mms[22m[39m
 [32m✓[39m src/features/reader/actions/__tests__/load-reader-book.test.ts[2m > [22mloadReaderBook[2m > [22merror handling[2m > [22mre-throws error after setting store state[32m 0[2mms[22m[39m
 [32m✓[39m src/features/reader/actions/__tests__/load-reader-book.test.ts[2m > [22mloadReaderBook[2m > [22merror handling[2m > [22mhandles getBookWithFile rejection[32m 0[2mms[22m[39m
 [31m×[39m src/features/reader/actions/__tests__/load-reader-book.test.ts[2m > [22mloadReaderBook[2m > [22mstate consistency[2m > [22monly updates store on success[32m 0[2mms[22m[39m
[31m   → Cannot read properties of undefined (reading 'opfXml')[39m
 [31m×[39m src/features/reader/actions/__tests__/load-reader-book.test.ts[2m > [22mloadReaderBook[2m > [22mstate consistency[2m > [22mmaintains current chapter index during load[32m 0[2mms[22m[39m
[31m   → Cannot read properties of undefined (reading 'opfXml')[39m
 [31m×[39m src/features/reader/actions/__tests__/load-reader-book.test.ts[2m > [22mloadReaderBook[2m > [22mstate consistency[2m > [22mmaintains loaded chapter indices during load[32m 1[2mms[22m[39m
[31m   → Cannot read properties of undefined (reading 'opfXml')[39m
 [32m✓[39m src/features/reader/actions/__tests__/load-reader-book.test.ts[2m > [22mloadReaderBook[2m > [22masync behavior[2m > [22mis an async function[32m 0[2mms[22m[39m
 [31m×[39m src/features/reader/actions/__tests__/load-reader-book.test.ts[2m > [22mloadReaderBook[2m > [22masync behavior[2m > [22mresolves with undefined[32m 0[2mms[22m[39m
[31m   → Cannot read properties of undefined (reading 'opfXml')[39m
 [31m×[39m src/features/reader/actions/__tests__/load-reader-book.test.ts[2m > [22mloadReaderBook[2m > [22masync behavior[2m > [22mawaits getBookWithFile completion[32m 12[2mms[22m[39m
[31m   → Cannot read properties of undefined (reading 'opfXml')[39m
 [32m✓[39m src/features/library/store/__tests__/library-store.test.ts[2m > [22mlibrary store[2m > [22madds books[32m 1[2mms[22m[39m
 [32m✓[39m src/features/library/store/__tests__/library-store.test.ts[2m > [22mlibrary store[2m > [22mloads persisted books into store[32m 8[2mms[22m[39m
 [32m✓[39m src/features/library/store/__tests__/library-store.test.ts[2m > [22mlibrary store[2m > [22mupdates store after import[32m 39[2mms[22m[39m
 [32m✓[39m src/features/library/actions/__tests__/import-book.test.ts[2m > [22mimportBook[2m > [22mimports and persists a book[32m 48[2mms[22m[39m
 [32m✓[39m src/features/library/actions/__tests__/import-book.test.ts[2m > [22mimportBook[2m > [22msupports nested opf paths[32m 14[2mms[22m[39m
 [32m✓[39m src/features/library/actions/__tests__/import-book.test.ts[2m > [22mimportBook[2m > [22mhandles missing metadata gracefully[32m 11[2mms[22m[39m
 [32m✓[39m src/features/library/actions/__tests__/import-book.test.ts[2m > [22mimportBook[2m > [22mthrows on invalid epub[32m 2[2mms[22m[39m
 [32m✓[39m src/features/library/actions/__tests__/import-book.test.ts[2m > [22mimportBook[2m > [22msupports multiple imports[32m 27[2mms[22m[39m
 [32m✓[39m src/features/library/actions/__tests__/import-book.test.ts[2m > [22mimportBook[2m > [22mimports large epub[32m 36[2mms[22m[39m
 [32m✓[39m src/features/library/actions/__tests__/import-book.test.ts[2m > [22mimportBook[2m > [22mthrows for invalid spine references[32m 8[2mms[22m[39m
 [32m✓[39m src/features/library/actions/__tests__/import-book.test.ts[2m > [22mimportBook[2m > [22mrejects duplicate book imports[32m 33[2mms[22m[39m
 [32m✓[39m src/features/reader/engine/renderer/__tests__/iframe-renderer.test.ts[2m > [22miframe-renderer[2m > [22minitializeReaderDocument[2m > [22mcreates a valid HTML document shell in srcdoc[32m 6[2mms[22m[39m
 [32m✓[39m src/features/reader/engine/renderer/__tests__/iframe-renderer.test.ts[2m > [22miframe-renderer[2m > [22minitializeReaderDocument[2m > [22minjects stylesheets into head[32m 1[2mms[22m[39m
 [32m✓[39m src/features/reader/engine/renderer/__tests__/iframe-renderer.test.ts[2m > [22miframe-renderer[2m > [22minitializeReaderDocument[2m > [22msanitizes stylesheets by removing expression()[32m 0[2mms[22m[39m
 [32m✓[39m src/features/reader/engine/renderer/__tests__/iframe-renderer.test.ts[2m > [22miframe-renderer[2m > [22minitializeReaderDocument[2m > [22msanitizes stylesheets by removing javascript: in url()[32m 0[2mms[22m[39m
 [32m✓[39m src/features/reader/engine/renderer/__tests__/iframe-renderer.test.ts[2m > [22miframe-renderer[2m > [22minitializeReaderDocument[2m > [22msanitizes stylesheets by removing @import[32m 0[2mms[22m[39m
 [32m✓[39m src/features/reader/engine/renderer/__tests__/iframe-renderer.test.ts[2m > [22miframe-renderer[2m > [22minitializeReaderDocument[2m > [22mhandles empty stylesheet array[32m 0[2mms[22m[39m
 [32m✓[39m src/features/reader/engine/renderer/__tests__/iframe-renderer.test.ts[2m > [22miframe-renderer[2m > [22minitializeReaderDocument[2m > [22mwraps each stylesheet in its own style tag[32m 1[2mms[22m[39m
 [32m✓[39m src/features/reader/engine/renderer/__tests__/iframe-renderer.test.ts[2m > [22miframe-renderer[2m > [22minitializeReaderDocument[2m > [22msets body margin to 0[32m 1[2mms[22m[39m
 [32m✓[39m src/features/reader/engine/renderer/__tests__/iframe-renderer.test.ts[2m > [22miframe-renderer[2m > [22mmountChapterSection[2m > [22minserts chapter as section element with data-chapter attribute[32m 26[2mms[22m[39m
 [32m✓[39m src/features/reader/engine/renderer/__tests__/iframe-renderer.test.ts[2m > [22miframe-renderer[2m > [22mmountChapterSection[2m > [22mdoes not insert duplicate sections for same index[32m 2[2mms[22m[39m
 [32m✓[39m src/features/reader/engine/renderer/__tests__/iframe-renderer.test.ts[2m > [22miframe-renderer[2m > [22mmountChapterSection[2m > [22mmaintains spine order when inserting out-of-order chapters[32m 2[2mms[22m[39m
 [32m✓[39m src/features/reader/engine/renderer/__tests__/iframe-renderer.test.ts[2m > [22miframe-renderer[2m > [22mmountChapterSection[2m > [22mappends section to body when no higher-indexed section exists[32m 1[2mms[22m[39m
 [32m✓[39m src/features/reader/engine/renderer/__tests__/iframe-renderer.test.ts[2m > [22miframe-renderer[2m > [22mmountChapterSection[2m > [22minserts section before first higher-indexed section[32m 2[2mms[22m[39m
 [32m✓[39m src/features/reader/engine/renderer/__tests__/iframe-renderer.test.ts[2m > [22miframe-renderer[2m > [22mmountChapterSection[2m > [22msets marginBottom and borderBottom styling[32m 1[2mms[22m[39m
 [32m✓[39m src/features/reader/engine/renderer/__tests__/iframe-renderer.test.ts[2m > [22miframe-renderer[2m > [22mmountChapterSection[2m > [22mhandles HTML content with nested elements[32m 2[2mms[22m[39m
 [32m✓[39m src/features/reader/engine/renderer/__tests__/iframe-renderer.test.ts[2m > [22miframe-renderer[2m > [22mmountChapterSection[2m > [22mhandles empty chapter HTML[32m 1[2mms[22m[39m
 [32m✓[39m src/features/reader/engine/renderer/__tests__/iframe-renderer.test.ts[2m > [22miframe-renderer[2m > [22mmountChapterSection[2m > [22mcorrectly orders multiple inserted chapters with gaps[32m 2[2mms[22m[39m
 [32m✓[39m src/features/reader/engine/renderer/__tests__/iframe-renderer.test.ts[2m > [22miframe-renderer[2m > [22munmountChapterSection[2m > [22mremoves section by index[32m 1[2mms[22m[39m
 [32m✓[39m src/features/reader/engine/renderer/__tests__/iframe-renderer.test.ts[2m > [22miframe-renderer[2m > [22munmountChapterSection[2m > [22mdoes not remove sections with different indices[32m 1[2mms[22m[39m
 [32m✓[39m src/features/reader/engine/renderer/__tests__/iframe-renderer.test.ts[2m > [22miframe-renderer[2m > [22munmountChapterSection[2m > [22mhandles unmounting non-existent section silently[32m 1[2mms[22m[39m
 [32m✓[39m src/features/reader/engine/renderer/__tests__/iframe-renderer.test.ts[2m > [22miframe-renderer[2m > [22munmountChapterSection[2m > [22mremoves only the exact section by data-chapter value[32m 1[2mms[22m[39m
 [32m✓[39m src/features/reader/engine/renderer/__tests__/iframe-renderer.test.ts[2m > [22miframe-renderer[2m > [22munmountChapterSection[2m > [22mcan unmount and remount the same chapter[32m 1[2mms[22m[39m
 [32m✓[39m src/features/reader/engine/renderer/__tests__/iframe-renderer.test.ts[2m > [22miframe-renderer[2m > [22mintegration: mount/unmount sequence[2m > [22mmaintains document structure through mount/unmount cycles[32m 1[2mms[22m[39m
 [32m✓[39m src/features/reader/engine/renderer/__tests__/iframe-renderer.test.ts[2m > [22miframe-renderer[2m > [22mintegration: mount/unmount sequence[2m > [22mworks with initializeReaderDocument + mounting sequence[32m 1[2mms[22m[39m
 [32m✓[39m src/services/storage/__tests__/book-repository.test.ts[2m > [22mbook repository[2m > [22msaves metadata[32m 12[2mms[22m[39m
 [32m✓[39m src/services/storage/__tests__/book-repository.test.ts[2m > [22mbook repository[2m > [22mstores epub file blob[32m 3[2mms[22m[39m
 [32m✓[39m src/services/storage/__tests__/book-repository.test.ts[2m > [22mbook repository[2m > [22mreturns newest books first[32m 2[2mms[22m[39m
 [32m✓[39m src/services/storage/__tests__/book-repository.test.ts[2m > [22mbook repository[2m > [22mstores unique file hashes[32m 2[2mms[22m[39m
 [32m✓[39m src/services/storage/__tests__/book-repository.test.ts[2m > [22mbook repository[2m > [22mrejects duplicate file hashes[32m 2[2mms[22m[39m
 [32m✓[39m src/services/storage/__tests__/book-repository.test.ts[2m > [22mbook repository[2m > [22mstores cover blob[32m 1[2mms[22m[39m
 [32m✓[39m src/services/storage/__tests__/book-repository.test.ts[2m > [22mbook repository[2m > [22mstores metadata, epub and cover in a single transaction[32m 2[2mms[22m[39m
 [32m✓[39m src/services/storage/__tests__/book-repository.test.ts[2m > [22mbook repository[2m > [22mstores imported book without cover[32m 1[2mms[22m[39m
 [32m✓[39m src/services/storage/__tests__/book-repository.test.ts[2m > [22mbook repository[2m > [22mreturns blob url for stored cover[32m 2[2mms[22m[39m
 [32m✓[39m src/services/storage/__tests__/book-repository.test.ts[2m > [22mbook repository[2m > [22mreuses cached blob url[32m 2[2mms[22m[39m
 [32m✓[39m src/services/epub/parsers/__tests__/chapter-parser.test.ts[2m > [22mChapterParser[2m > [22mparseChapter[2m > [22mparses chapter content[32m 19[2mms[22m[39m
 [32m✓[39m src/services/epub/parsers/__tests__/chapter-parser.test.ts[2m > [22mChapterParser[2m > [22mparseChapter[2m > [22mloads chapter stylesheets[32m 4[2mms[22m[39m
 [32m✓[39m src/services/epub/parsers/__tests__/chapter-parser.test.ts[2m > [22mChapterParser[2m > [22mparseChapter[2m > [22mresolves image assets[32m 3[2mms[22m[39m
 [32m✓[39m src/services/epub/parsers/__tests__/chapter-parser.test.ts[2m > [22mChapterParser[2m > [22mparseChapter[2m > [22mreturns correct chapter metadata[32m 3[2mms[22m[39m
 [32m✓[39m src/services/epub/parsers/__tests__/chapter-parser.test.ts[2m > [22mChapterParser[2m > [22mparseAllChapters[2m > [22mparses all spine items[32m 2[2mms[22m[39m
 [32m✓[39m src/services/epub/parsers/__tests__/chapter-parser.test.ts[2m > [22mChapterParser[2m > [22merror handling[2m > [22mthrows for invalid spine index[32m 1[2mms[22m[39m
 [32m✓[39m src/services/epub/parsers/__tests__/chapter-parser.test.ts[2m > [22mChapterParser[2m > [22merror handling[2m > [22mthrows when chapter file is missing[32m 0[2mms[22m[39m
 [32m✓[39m src/services/epub/parsers/__tests__/chapter-parser.test.ts[2m > [22mChapterParser[2m > [22merror handling[2m > [22mthrows when manifest item is missing[32m 0[2mms[22m[39m
 [32m✓[39m src/services/epub/parsers/__tests__/chapter-parser.test.ts[2m > [22mChapterParser sanitization[2m > [22mstrips <script> tags from chapter content[32m 3[2mms[22m[39m
 [32m✓[39m src/services/epub/parsers/__tests__/chapter-parser.test.ts[2m > [22mChapterParser sanitization[2m > [22mstrips inline event-handler attributes[32m 1[2mms[22m[39m
 [32m✓[39m src/services/epub/parsers/__tests__/chapter-parser.test.ts[2m > [22mChapterParser sanitization[2m > [22mstrips javascript: hrefs[32m 2[2mms[22m[39m
 [32m✓[39m src/services/epub/parsers/__tests__/chapter-parser.test.ts[2m > [22mChapterParser sanitization[2m > [22mpreserves ordinary formatting markup[32m 2[2mms[22m[39m
 [32m✓[39m src/services/epub/parsers/__tests__/opf-parser.test.ts[2m > [22mOpfParser[2m > [22mextracts metadata correctly[32m 8[2mms[22m[39m
 [32m✓[39m src/services/epub/parsers/__tests__/opf-parser.test.ts[2m > [22mOpfParser[2m > [22mextracts manifest correctly[32m 3[2mms[22m[39m
 [32m✓[39m src/services/epub/parsers/__tests__/opf-parser.test.ts[2m > [22mOpfParser[2m > [22mextracts spine correctly[32m 2[2mms[22m[39m
 [32m✓[39m src/services/epub/parsers/__tests__/opf-parser.test.ts[2m > [22mOpfParser[2m > [22mmaintains correct spine order[32m 1[2mms[22m[39m
 [32m✓[39m src/services/epub/parsers/__tests__/opf-parser.test.ts[2m > [22mOpfParser[2m > [22mhandles missing metadata safely[32m 1[2mms[22m[39m
 [32m✓[39m src/services/epub/parsers/__tests__/opf-parser.test.ts[2m > [22mOpfParser[2m > [22mthrows for empty manifest[32m 1[2mms[22m[39m
 [32m✓[39m src/services/epub/parsers/__tests__/opf-parser.test.ts[2m > [22mOpfParser[2m > [22mthrows for empty spine[32m 1[2mms[22m[39m
 [32m✓[39m src/services/epub/parsers/__tests__/opf-parser.test.ts[2m > [22mOpfParser[2m > [22mthrows when spine itemrefs have no idref[32m 1[2mms[22m[39m
 [32m✓[39m src/services/epub/parsers/__tests__/opf-parser.test.ts[2m > [22mOpfParser[2m > [22mthrows for invalid spine references[32m 15[2mms[22m[39m
 [32m✓[39m src/services/epub/parsers/__tests__/opf-parser.test.ts[2m > [22mOpfParser[2m > [22mdetects cover using cover-image property[32m 1[2mms[22m[39m
 [32m✓[39m src/services/epub/parsers/__tests__/opf-parser.test.ts[2m > [22mOpfParser[2m > [22mdetects cover using metadata cover reference[32m 1[2mms[22m[39m
 [32m✓[39m src/services/epub/parsers/__tests__/opf-parser.test.ts[2m > [22mOpfParser[2m > [22mfalls back to manifest item containing cover in href[32m 0[2mms[22m[39m
 [32m✓[39m src/services/epub/parsers/__tests__/opf-parser.test.ts[2m > [22mOpfParser[2m > [22mreturns undefined when no cover exists[32m 0[2mms[22m[39m
 [32m✓[39m src/features/reader/engine/renderer/__tests__/chapter-renderer.test.ts[2m > [22mchapter-renderer[2m > [22minitializeChapterDocument[2m > [22mdeduplicates stylesheets before passing to initializeReaderDocument[32m 5[2mms[22m[39m
 [32m✓[39m src/features/reader/engine/renderer/__tests__/chapter-renderer.test.ts[2m > [22mchapter-renderer[2m > [22minitializeChapterDocument[2m > [22mremoves duplicate stylesheets when chapters share CSS[32m 2[2mms[22m[39m
 [32m✓[39m src/features/reader/engine/renderer/__tests__/chapter-renderer.test.ts[2m > [22mchapter-renderer[2m > [22minitializeChapterDocument[2m > [22mhandles single chapter[32m 2[2mms[22m[39m
 [32m✓[39m src/features/reader/engine/renderer/__tests__/chapter-renderer.test.ts[2m > [22mchapter-renderer[2m > [22minitializeChapterDocument[2m > [22mhandles empty stylesheets array per chapter[32m 0[2mms[22m[39m
 [32m✓[39m src/features/reader/engine/renderer/__tests__/chapter-renderer.test.ts[2m > [22mchapter-renderer[2m > [22minitializeChapterDocument[2m > [22mpasses iframe instance correctly[32m 1[2mms[22m[39m
 [32m✓[39m src/features/reader/engine/renderer/__tests__/chapter-renderer.test.ts[2m > [22mchapter-renderer[2m > [22minitializeChapterDocument[2m > [22mpreserves stylesheet order while deduplicating[32m 0[2mms[22m[39m
 [32m✓[39m src/features/reader/engine/renderer/__tests__/chapter-renderer.test.ts[2m > [22mchapter-renderer[2m > [22mmountChapter[2m > [22mcalls mountChapterSection with chapter content and index[32m 19[2mms[22m[39m
 [32m✓[39m src/features/reader/engine/renderer/__tests__/chapter-renderer.test.ts[2m > [22mchapter-renderer[2m > [22mmountChapter[2m > [22muses correct chapter index[32m 3[2mms[22m[39m
 [32m✓[39m src/features/reader/engine/renderer/__tests__/chapter-renderer.test.ts[2m > [22mchapter-renderer[2m > [22mmountChapter[2m > [22mpasses document instance to renderer[32m 3[2mms[22m[39m
 [32m✓[39m src/features/reader/engine/renderer/__tests__/chapter-renderer.test.ts[2m > [22mchapter-renderer[2m > [22mmountChapter[2m > [22mhandles chapter with complex HTML content[32m 2[2mms[22m[39m
 [32m✓[39m src/features/reader/engine/renderer/__tests__/chapter-renderer.test.ts[2m > [22mchapter-renderer[2m > [22munmountChapter[2m > [22mcalls unmountChapterSection with correct index[32m 1[2mms[22m[39m
 [32m✓[39m src/features/reader/engine/renderer/__tests__/chapter-renderer.test.ts[2m > [22mchapter-renderer[2m > [22munmountChapter[2m > [22mpasses document instance to renderer[32m 0[2mms[22m[39m
 [32m✓[39m src/features/reader/engine/renderer/__tests__/chapter-renderer.test.ts[2m > [22mchapter-renderer[2m > [22munmountChapter[2m > [22mhandles unmounting chapter at index 0[32m 1[2mms[22m[39m
 [32m✓[39m src/features/reader/engine/renderer/__tests__/chapter-renderer.test.ts[2m > [22mchapter-renderer[2m > [22munmountChapter[2m > [22mhandles unmounting high-index chapters[32m 1[2mms[22m[39m
 [32m✓[39m src/features/reader/engine/renderer/__tests__/chapter-renderer.test.ts[2m > [22mchapter-renderer[2m > [22mintegration[2m > [22mflow: initialize document with multiple chapters' stylesheets, then mount/unmount individual chapters[32m 7[2mms[22m[39m
 [32m✓[39m src/services/epub/__tests__/epub.service.test.ts[2m > [22mEpubService[2m > [22mloads fixture[32m 3[2mms[22m[39m
 [32m✓[39m src/services/epub/__tests__/epub.service.test.ts[2m > [22mEpubService[2m > [22mloads valid epub[32m 25[2mms[22m[39m
 [32m✓[39m src/services/epub/__tests__/epub.service.test.ts[2m > [22mEpubService[2m > [22mhandles nested opf paths[32m 7[2mms[22m[39m
 [32m✓[39m src/services/epub/__tests__/epub.service.test.ts[2m > [22mEpubService[2m > [22mfails for invalid epub[32m 1[2mms[22m[39m
 [32m✓[39m src/app/screens/__tests__/library-screen.test.tsx[2m > [22mLibraryScreen[2m > [22mshows empty state when no books exist[32m 21[2mms[22m[39m
 [32m✓[39m src/app/screens/__tests__/library-screen.test.tsx[2m > [22mLibraryScreen[2m > [22mrenders books from store[32m 8[2mms[22m[39m
 [32m✓[39m src/app/screens/__tests__/library-screen.test.tsx[2m > [22mLibraryScreen[2m > [22mloads books on mount[32m 11[2mms[22m[39m
 [32m✓[39m src/app/screens/__tests__/library-screen.test.tsx[2m > [22mLibraryScreen[2m > [22mshows loading state[32m 4[2mms[22m[39m
 [32m✓[39m src/app/__tests__/app.test.tsx[2m > [22mApp[2m > [22mrenders app shell[32m 22[2mms[22m[39m
 [32m✓[39m src/app/__tests__/sanity.test.tsx[2m > [22msanity test[2m > [22mrenders correctly[32m 15[2mms[22m[39m
 [32m✓[39m src/components/toast/__tests__/toast-container.test.tsx[2m > [22mToastContainer[2m > [22mrenders nothing when empty[32m 7[2mms[22m[39m
 [32m✓[39m src/components/toast/__tests__/toast-container.test.tsx[2m > [22mToastContainer[2m > [22mrenders success toast[32m 11[2mms[22m[39m
 [32m✓[39m src/components/toast/__tests__/toast-container.test.tsx[2m > [22mToastContainer[2m > [22mrenders multiple toasts[32m 2[2mms[22m[39m
 [32m✓[39m src/features/reader/engine/scroll/__tests__/get-chapter-sections.test.ts[2m > [22mgetChapterSections[2m > [22mreturns empty array when no sections exist[32m 5[2mms[22m[39m
 [32m✓[39m src/features/reader/engine/scroll/__tests__/get-chapter-sections.test.ts[2m > [22mgetChapterSections[2m > [22mreturns all sections with data-chapter attribute[32m 2[2mms[22m[39m
 [32m✓[39m src/features/reader/engine/scroll/__tests__/get-chapter-sections.test.ts[2m > [22mgetChapterSections[2m > [22mignores sections without data-chapter attribute[32m 1[2mms[22m[39m
 [32m✓[39m src/features/reader/engine/scroll/__tests__/get-chapter-sections.test.ts[2m > [22mgetChapterSections[2m > [22mreturns sections sorted by chapter index[32m 1[2mms[22m[39m
 [32m✓[39m src/features/reader/engine/scroll/__tests__/get-chapter-sections.test.ts[2m > [22mgetChapterSections[2m > [22mhandles numeric indices with gaps correctly[32m 1[2mms[22m[39m
 [32m✓[39m src/features/reader/engine/scroll/__tests__/get-chapter-sections.test.ts[2m > [22mgetChapterSections[2m > [22mreturns HTMLElement[] type[32m 0[2mms[22m[39m
 [32m✓[39m src/stores/__tests__/toast-store.test.ts[2m > [22mtoast store[2m > [22mshows success toast[32m 2[2mms[22m[39m
 [32m✓[39m src/stores/__tests__/toast-store.test.ts[2m > [22mtoast store[2m > [22mshows error toast[32m 0[2mms[22m[39m
 [32m✓[39m src/stores/__tests__/toast-store.test.ts[2m > [22mtoast store[2m > [22mremoves toast manually[32m 0[2mms[22m[39m
 [32m✓[39m src/stores/__tests__/toast-store.test.ts[2m > [22mtoast store[2m > [22mauto removes success toast[32m 0[2mms[22m[39m
 [32m✓[39m src/stores/__tests__/toast-store.test.ts[2m > [22mtoast store[2m > [22mauto removes error toast[32m 0[2mms[22m[39m
 [32m✓[39m src/features/reader/engine/scroll/__tests__/detect-visible-chapter.test.ts[2m > [22mdetectVisibleChapter[2m > [22mreturns the section closest to viewport top[32m 2[2mms[22m[39m
 [32m✓[39m src/features/reader/engine/scroll/__tests__/detect-visible-chapter.test.ts[2m > [22mdetectVisibleChapter[2m > [22mhandles negative top values (elements above viewport)[32m 0[2mms[22m[39m
 [32m✓[39m src/features/reader/engine/scroll/__tests__/detect-visible-chapter.test.ts[2m > [22mdetectVisibleChapter[2m > [22mreturns first section when all are equally far from top[32m 0[2mms[22m[39m
 [32m✓[39m src/features/reader/engine/scroll/__tests__/detect-visible-chapter.test.ts[2m > [22mdetectVisibleChapter[2m > [22mignores sections without data-chapter attribute in parsing[32m 0[2mms[22m[39m
 [32m✓[39m src/features/reader/engine/scroll/__tests__/detect-visible-chapter.test.ts[2m > [22mdetectVisibleChapter[2m > [22mupdates active when a closer section becomes visible[32m 0[2mms[22m[39m
 [32m✓[39m src/features/reader/engine/scroll/__tests__/detect-visible-chapter.test.ts[2m > [22mdetectVisibleChapter[2m > [22mhandles single section[32m 0[2mms[22m[39m
 [32m✓[39m src/features/reader/engine/scroll/__tests__/detect-visible-chapter.test.ts[2m > [22mdetectVisibleChapter[2m > [22muses absolute distance (handles negative and positive equally)[32m 0[2mms[22m[39m
 [32m✓[39m src/features/reader/store/__tests__/reader-store.test.ts[2m > [22mreaderStore[2m > [22minitial state[2m > [22mhas null readerDocument[32m 2[2mms[22m[39m
 [32m✓[39m src/features/reader/store/__tests__/reader-store.test.ts[2m > [22mreaderStore[2m > [22minitial state[2m > [22mhas null parsedBook[32m 0[2mms[22m[39m
 [32m✓[39m src/features/reader/store/__tests__/reader-store.test.ts[2m > [22mreaderStore[2m > [22minitial state[2m > [22mstarts at chapter 0[32m 0[2mms[22m[39m
 [32m✓[39m src/features/reader/store/__tests__/reader-store.test.ts[2m > [22mreaderStore[2m > [22minitial state[2m > [22mis not loading initially[32m 0[2mms[22m[39m
 [32m✓[39m src/features/reader/store/__tests__/reader-store.test.ts[2m > [22mreaderStore[2m > [22minitial state[2m > [22mhas no error initially[32m 0[2mms[22m[39m
 [32m✓[39m src/features/reader/store/__tests__/reader-store.test.ts[2m > [22mreaderStore[2m > [22minitial state[2m > [22mhas empty loadedChapterIndices Set[32m 1[2mms[22m[39m
 [32m✓[39m src/features/reader/store/__tests__/reader-store.test.ts[2m > [22mreaderStore[2m > [22minitial state[2m > [22mis not mounting chapter initially[32m 0[2mms[22m[39m
 [32m✓[39m src/features/reader/store/__tests__/reader-store.test.ts[2m > [22mreaderStore[2m > [22minitial state[2m > [22mis not jumping initially[32m 0[2mms[22m[39m
 [32m✓[39m src/features/reader/store/__tests__/reader-store.test.ts[2m > [22mreaderStore[2m > [22msetReaderDocument[2m > [22msets readerDocument[32m 0[2mms[22m[39m
 [32m✓[39m src/features/reader/store/__tests__/reader-store.test.ts[2m > [22mreaderStore[2m > [22msetReaderDocument[2m > [22mcan update readerDocument multiple times[32m 0[2mms[22m[39m
 [32m✓[39m src/features/reader/store/__tests__/reader-store.test.ts[2m > [22mreaderStore[2m > [22msetReaderDocument[2m > [22mtriggers store update (devtools action name)[32m 0[2mms[22m[39m
 [32m✓[39m src/features/reader/store/__tests__/reader-store.test.ts[2m > [22mreaderStore[2m > [22msetParsedBook[2m > [22msets parsedBook[32m 0[2mms[22m[39m
 [32m✓[39m src/features/reader/store/__tests__/reader-store.test.ts[2m > [22mreaderStore[2m > [22msetParsedBook[2m > [22mcan be set independently from readerDocument[32m 0[2mms[22m[39m
 [32m✓[39m src/features/reader/store/__tests__/reader-store.test.ts[2m > [22mreaderStore[2m > [22msetCurrentChapterIndex[2m > [22mupdates current chapter index[32m 0[2mms[22m[39m
 [32m✓[39m src/features/reader/store/__tests__/reader-store.test.ts[2m > [22mreaderStore[2m > [22msetCurrentChapterIndex[2m > [22mcan jump to different indices[32m 0[2mms[22m[39m
 [32m✓[39m src/features/reader/store/__tests__/reader-store.test.ts[2m > [22mreaderStore[2m > [22msetCurrentChapterIndex[2m > [22mhandles zero index[32m 0[2mms[22m[39m
 [32m✓[39m src/features/reader/store/__tests__/reader-store.test.ts[2m > [22mreaderStore[2m > [22msetCurrentChapterIndex[2m > [22mhandles large indices[32m 0[2mms[22m[39m
 [32m✓[39m src/features/reader/store/__tests__/reader-store.test.ts[2m > [22mreaderStore[2m > [22msetLoading[2m > [22msets loading state to true[32m 0[2mms[22m[39m
 [32m✓[39m src/features/reader/store/__tests__/reader-store.test.ts[2m > [22mreaderStore[2m > [22msetLoading[2m > [22msets loading state to false[32m 0[2mms[22m[39m
 [32m✓[39m src/features/reader/store/__tests__/reader-store.test.ts[2m > [22mreaderStore[2m > [22msetLoading[2m > [22mcan toggle loading state[32m 0[2mms[22m[39m
 [32m✓[39m src/features/reader/store/__tests__/reader-store.test.ts[2m > [22mreaderStore[2m > [22msetError[2m > [22msets error message[32m 0[2mms[22m[39m
 [32m✓[39m src/features/reader/store/__tests__/reader-store.test.ts[2m > [22mreaderStore[2m > [22msetError[2m > [22mclears error by setting to null[32m 0[2mms[22m[39m
 [32m✓[39m src/features/reader/store/__tests__/reader-store.test.ts[2m > [22mreaderStore[2m > [22msetError[2m > [22mcan update error message[32m 0[2mms[22m[39m
 [32m✓[39m src/features/reader/store/__tests__/reader-store.test.ts[2m > [22mreaderStore[2m > [22msetError[2m > [22mhandles empty string error[32m 0[2mms[22m[39m
 [32m✓[39m src/features/reader/store/__tests__/reader-store.test.ts[2m > [22mreaderStore[2m > [22maddLoadedChapterIndex[2m > [22madds chapter index to loadedChapterIndices Set[32m 0[2mms[22m[39m
 [32m✓[39m src/features/reader/store/__tests__/reader-store.test.ts[2m > [22mreaderStore[2m > [22maddLoadedChapterIndex[2m > [22madds multiple distinct indices[32m 0[2mms[22m[39m
 [32m✓[39m src/features/reader/store/__tests__/reader-store.test.ts[2m > [22mreaderStore[2m > [22maddLoadedChapterIndex[2m > [22mdoes not create duplicates (Set behavior)[32m 0[2mms[22m[39m
 [32m✓[39m src/features/reader/store/__tests__/reader-store.test.ts[2m > [22mreaderStore[2m > [22maddLoadedChapterIndex[2m > [22mcreates a new Set reference (immutable)[32m 0[2mms[22m[39m
 [32m✓[39m src/features/reader/store/__tests__/reader-store.test.ts[2m > [22mreaderStore[2m > [22mremoveLoadedChapterIndex[2m > [22mremoves chapter index from loadedChapterIndices Set[32m 0[2mms[22m[39m
 [32m✓[39m src/features/reader/store/__tests__/reader-store.test.ts[2m > [22mreaderStore[2m > [22mremoveLoadedChapterIndex[2m > [22mhandles removing non-existent index gracefully[32m 1[2mms[22m[39m
 [32m✓[39m src/features/reader/store/__tests__/reader-store.test.ts[2m > [22mreaderStore[2m > [22mremoveLoadedChapterIndex[2m > [22mcan remove all indices one by one[32m 0[2mms[22m[39m
 [32m✓[39m src/features/reader/store/__tests__/reader-store.test.ts[2m > [22mreaderStore[2m > [22mremoveLoadedChapterIndex[2m > [22mcreates a new Set reference (immutable)[32m 0[2mms[22m[39m
 [32m✓[39m src/features/reader/store/__tests__/reader-store.test.ts[2m > [22mreaderStore[2m > [22msetIsMountingChapter[2m > [22msets mounting chapter flag to true[32m 0[2mms[22m[39m
 [32m✓[39m src/features/reader/store/__tests__/reader-store.test.ts[2m > [22mreaderStore[2m > [22msetIsMountingChapter[2m > [22msets mounting chapter flag to false[32m 0[2mms[22m[39m
 [32m✓[39m src/features/reader/store/__tests__/reader-store.test.ts[2m > [22mreaderStore[2m > [22msetIsMountingChapter[2m > [22mcan toggle mounting state[32m 0[2mms[22m[39m
 [32m✓[39m src/features/reader/store/__tests__/reader-store.test.ts[2m > [22mreaderStore[2m > [22msetIsJumping[2m > [22msets jumping flag to true[32m 0[2mms[22m[39m
 [32m✓[39m src/features/reader/store/__tests__/reader-store.test.ts[2m > [22mreaderStore[2m > [22msetIsJumping[2m > [22msets jumping flag to false[32m 0[2mms[22m[39m
 [32m✓[39m src/features/reader/store/__tests__/reader-store.test.ts[2m > [22mreaderStore[2m > [22msetIsJumping[2m > [22mcan toggle jumping state[32m 0[2mms[22m[39m
 [32m✓[39m src/features/reader/store/__tests__/reader-store.test.ts[2m > [22mreaderStore[2m > [22mreset[2m > [22mresets all state to initial values[32m 0[2mms[22m[39m
 [32m✓[39m src/features/reader/store/__tests__/reader-store.test.ts[2m > [22mreaderStore[2m > [22mreset[2m > [22mcreates a fresh Set instance for loadedChapterIndices[32m 0[2mms[22m[39m
 [32m✓[39m src/features/reader/store/__tests__/reader-store.test.ts[2m > [22mreaderStore[2m > [22mreset[2m > [22mallows adding to Set after reset[32m 0[2mms[22m[39m
 [32m✓[39m src/features/reader/store/__tests__/reader-store.test.ts[2m > [22mreaderStore[2m > [22mstate immutability[2m > [22mSet mutations via actions create new Set references[32m 0[2mms[22m[39m
 [32m✓[39m src/features/reader/store/__tests__/reader-store.test.ts[2m > [22mreaderStore[2m > [22mstate immutability[2m > [22mmultiple subscribers receive updates[32m 0[2mms[22m[39m
 [32m✓[39m src/features/reader/store/__tests__/reader-store.test.ts[2m > [22mreaderStore[2m > [22mcomplex workflows[2m > [22mloading a book: setLoading -> setError -> setReaderDocument + setParsedBook[32m 0[2mms[22m[39m
 [32m✓[39m src/features/reader/store/__tests__/reader-store.test.ts[2m > [22mreaderStore[2m > [22mcomplex workflows[2m > [22mloading chapters: tracking loaded indices and mounting state[32m 0[2mms[22m[39m
 [32m✓[39m src/features/reader/store/__tests__/reader-store.test.ts[2m > [22mreaderStore[2m > [22mcomplex workflows[2m > [22munloading chapters: removing from loaded indices[32m 0[2mms[22m[39m
 [32m✓[39m src/features/reader/store/__tests__/reader-store.test.ts[2m > [22mreaderStore[2m > [22mcomplex workflows[2m > [22mjumping to chapter: setIsJumping + setCurrentChapterIndex[32m 0[2mms[22m[39m
 [32m✓[39m src/features/reader/store/__tests__/reader-store.test.ts[2m > [22mreaderStore[2m > [22mcomplex workflows[2m > [22merror handling: setLoading -> setError -> reset[32m 0[2mms[22m[39m
 [32m✓[39m src/shared/utils/__tests__/create-book-id.test.ts[2m > [22mcreateBookId[2m > [22mcreates unique ids[32m 2[2mms[22m[39m
 [32m✓[39m src/shared/utils/__tests__/create-book-id.test.ts[2m > [22mcreateBookId[2m > [22mreturns a non-empty string[32m 0[2mms[22m[39m
 [32m✓[39m src/shared/utils/__tests__/create-book-id.test.ts[2m > [22mcreateBookId[2m > [22mcreates different ids on consecutive calls[32m 0[2mms[22m[39m
 [32m✓[39m src/features/library/actions/__tests__/load-library.test.ts[2m > [22mloadLibrary[2m > [22mloads books into the store[32m 1[2mms[22m[39m
 [32m✓[39m src/features/library/actions/__tests__/load-library.test.ts[2m > [22mloadLibrary[2m > [22msets error when repository fails[32m 0[2mms[22m[39m
 [32m✓[39m src/features/library/actions/__tests__/load-library.test.ts[2m > [22mloadLibrary[2m > [22mtoggles loading state during load[32m 0[2mms[22m[39m
 [32m✓[39m src/features/library/actions/__tests__/load-library.test.ts[2m > [22mloadLibrary[2m > [22mclears loading state when repository throws[32m 0[2mms[22m[39m
 [32m✓[39m src/features/reader/engine/loader/__tests__/chapter-loader.test.ts[2m > [22mChapterLoader[2m > [22mgetLoadPlan[2m > [22mloads a window centered on the current chapter[32m 1[2mms[22m[39m
 [32m✓[39m src/features/reader/engine/loader/__tests__/chapter-loader.test.ts[2m > [22mChapterLoader[2m > [22mgetLoadPlan[2m > [22mclamps the window at the start of the book[32m 0[2mms[22m[39m
 [32m✓[39m src/features/reader/engine/loader/__tests__/chapter-loader.test.ts[2m > [22mChapterLoader[2m > [22mgetLoadPlan[2m > [22mclamps the window at the end of the book[32m 0[2mms[22m[39m
 [32m✓[39m src/features/reader/engine/loader/__tests__/chapter-loader.test.ts[2m > [22mChapterLoader[2m > [22mgetLoadPlan[2m > [22monly returns indices not already loaded[32m 0[2mms[22m[39m
 [32m✓[39m src/features/reader/engine/loader/__tests__/chapter-loader.test.ts[2m > [22mChapterLoader[2m > [22mgetLoadPlan[2m > [22mmarks out-of-window loaded chapters for unload[32m 0[2mms[22m[39m
 [32m✓[39m src/features/reader/engine/loader/__tests__/chapter-loader.test.ts[2m > [22mChapterLoader[2m > [22mgetLoadPlan[2m > [22mrespects a custom window radius[32m 0[2mms[22m[39m
 [32m✓[39m src/features/reader/engine/loader/__tests__/chapter-loader.test.ts[2m > [22mChapterLoader[2m > [22mgetLoadPlan[2m > [22mhandles a book with zero chapters[32m 0[2mms[22m[39m
 [32m✓[39m src/features/reader/engine/loader/__tests__/chapter-loader.test.ts[2m > [22mChapterLoader[2m > [22mhasNextChapter / hasPreviousChapter[2m > [22mreports next/previous availability at book boundaries[32m 0[2mms[22m[39m

[31m⎯⎯⎯⎯⎯⎯[39m[1m[41m Failed Tests 13 [49m[22m[31m⎯⎯⎯⎯⎯⎯⎯[39m

[41m[1m FAIL [22m[49m src/features/reader/actions/__tests__/load-reader-book.test.ts[2m > [22mloadReaderBook[2m > [22msuccessful load[2m > [22mloads book from repository and parses it
[31m[1mTypeError[22m: Cannot read properties of undefined (reading 'opfXml')[39m
[36m [2m❯[22m EpubParser.parseBook src/services/epub/epub-parser.ts:[2m37:56[22m[39m
    [90m 35|[39m     [35mconst[39m extraction [33m=[39m [35mawait[39m [35mthis[39m[33m.[39mepubService[33m.[39m[34mextractOpf[39m(file)[33m;[39m
    [90m 36|[39m
    [90m 37|[39m     [35mconst[39m parsedEpub [33m=[39m [35mthis[39m[33m.[39mopfParser[33m.[39m[34mparse[39m(extraction[33m.[39mopfXml)[33m;[39m
    [90m   |[39m                                                        [31m^[39m
    [90m 38|[39m
    [90m 39|[39m     [35mconst[39m chapters [33m=[39m [35mawait[39m [35mthis[39m[33m.[39mchapterParser[33m.[39m[34mparseAllChapters[39m(
[90m [2m❯[22m Module.loadReaderBook src/features/reader/actions/load-reader-book.ts:[2m19:24[22m[39m
[90m [2m❯[22m src/features/reader/actions/__tests__/load-reader-book.test.ts:[2m39:7[22m[39m

[31m[2m⎯⎯⎯⎯⎯⎯⎯⎯⎯⎯⎯⎯⎯⎯⎯⎯⎯⎯⎯⎯⎯⎯⎯[1/13]⎯[22m[39m

[41m[1m FAIL [22m[49m src/features/reader/actions/__tests__/load-reader-book.test.ts[2m > [22mloadReaderBook[2m > [22msuccessful load[2m > [22msets loading state to true during load
[31m[1mTypeError[22m: Cannot read properties of undefined (reading 'opfXml')[39m
[36m [2m❯[22m EpubParser.parseBook src/services/epub/epub-parser.ts:[2m37:56[22m[39m
    [90m 35|[39m     [35mconst[39m extraction [33m=[39m [35mawait[39m [35mthis[39m[33m.[39mepubService[33m.[39m[34mextractOpf[39m(file)[33m;[39m
    [90m 36|[39m
    [90m 37|[39m     [35mconst[39m parsedEpub [33m=[39m [35mthis[39m[33m.[39mopfParser[33m.[39m[34mparse[39m(extraction[33m.[39mopfXml)[33m;[39m
    [90m   |[39m                                                        [31m^[39m
    [90m 38|[39m
    [90m 39|[39m     [35mconst[39m chapters [33m=[39m [35mawait[39m [35mthis[39m[33m.[39mchapterParser[33m.[39m[34mparseAllChapters[39m(
[90m [2m❯[22m Module.loadReaderBook src/features/reader/actions/load-reader-book.ts:[2m19:24[22m[39m
[90m [2m❯[22m src/features/reader/actions/__tests__/load-reader-book.test.ts:[2m57:7[22m[39m

[31m[2m⎯⎯⎯⎯⎯⎯⎯⎯⎯⎯⎯⎯⎯⎯⎯⎯⎯⎯⎯⎯⎯⎯⎯[2/13]⎯[22m[39m

[41m[1m FAIL [22m[49m src/features/reader/actions/__tests__/load-reader-book.test.ts[2m > [22mloadReaderBook[2m > [22msuccessful load[2m > [22mclears error state on successful load
[31m[1mTypeError[22m: Cannot read properties of undefined (reading 'opfXml')[39m
[36m [2m❯[22m EpubParser.parseBook src/services/epub/epub-parser.ts:[2m37:56[22m[39m
    [90m 35|[39m     [35mconst[39m extraction [33m=[39m [35mawait[39m [35mthis[39m[33m.[39mepubService[33m.[39m[34mextractOpf[39m(file)[33m;[39m
    [90m 36|[39m
    [90m 37|[39m     [35mconst[39m parsedEpub [33m=[39m [35mthis[39m[33m.[39mopfParser[33m.[39m[34mparse[39m(extraction[33m.[39mopfXml)[33m;[39m
    [90m   |[39m                                                        [31m^[39m
    [90m 38|[39m
    [90m 39|[39m     [35mconst[39m chapters [33m=[39m [35mawait[39m [35mthis[39m[33m.[39mchapterParser[33m.[39m[34mparseAllChapters[39m(
[90m [2m❯[22m Module.loadReaderBook src/features/reader/actions/load-reader-book.ts:[2m19:24[22m[39m
[90m [2m❯[22m src/features/reader/actions/__tests__/load-reader-book.test.ts:[2m70:7[22m[39m

[31m[2m⎯⎯⎯⎯⎯⎯⎯⎯⎯⎯⎯⎯⎯⎯⎯⎯⎯⎯⎯⎯⎯⎯⎯[3/13]⎯[22m[39m

[41m[1m FAIL [22m[49m src/features/reader/actions/__tests__/load-reader-book.test.ts[2m > [22mloadReaderBook[2m > [22msuccessful load[2m > [22msets loading to false after successful load
[31m[1mTypeError[22m: Cannot read properties of undefined (reading 'opfXml')[39m
[36m [2m❯[22m EpubParser.parseBook src/services/epub/epub-parser.ts:[2m37:56[22m[39m
    [90m 35|[39m     [35mconst[39m extraction [33m=[39m [35mawait[39m [35mthis[39m[33m.[39mepubService[33m.[39m[34mextractOpf[39m(file)[33m;[39m
    [90m 36|[39m
    [90m 37|[39m     [35mconst[39m parsedEpub [33m=[39m [35mthis[39m[33m.[39mopfParser[33m.[39m[34mparse[39m(extraction[33m.[39mopfXml)[33m;[39m
    [90m   |[39m                                                        [31m^[39m
    [90m 38|[39m
    [90m 39|[39m     [35mconst[39m chapters [33m=[39m [35mawait[39m [35mthis[39m[33m.[39mchapterParser[33m.[39m[34mparseAllChapters[39m(
[90m [2m❯[22m Module.loadReaderBook src/features/reader/actions/load-reader-book.ts:[2m19:24[22m[39m
[90m [2m❯[22m src/features/reader/actions/__tests__/load-reader-book.test.ts:[2m85:7[22m[39m

[31m[2m⎯⎯⎯⎯⎯⎯⎯⎯⎯⎯⎯⎯⎯⎯⎯⎯⎯⎯⎯⎯⎯⎯⎯[4/13]⎯[22m[39m

[41m[1m FAIL [22m[49m src/features/reader/actions/__tests__/load-reader-book.test.ts[2m > [22mloadReaderBook[2m > [22msuccessful load[2m > [22mcalls getBookWithFile with provided bookId
[31m[1mTypeError[22m: Cannot read properties of undefined (reading 'opfXml')[39m
[36m [2m❯[22m EpubParser.parseBook src/services/epub/epub-parser.ts:[2m37:56[22m[39m
    [90m 35|[39m     [35mconst[39m extraction [33m=[39m [35mawait[39m [35mthis[39m[33m.[39mepubService[33m.[39m[34mextractOpf[39m(file)[33m;[39m
    [90m 36|[39m
    [90m 37|[39m     [35mconst[39m parsedEpub [33m=[39m [35mthis[39m[33m.[39mopfParser[33m.[39m[34mparse[39m(extraction[33m.[39mopfXml)[33m;[39m
    [90m   |[39m                                                        [31m^[39m
    [90m 38|[39m
    [90m 39|[39m     [35mconst[39m chapters [33m=[39m [35mawait[39m [35mthis[39m[33m.[39mchapterParser[33m.[39m[34mparseAllChapters[39m(
[90m [2m❯[22m Module.loadReaderBook src/features/reader/actions/load-reader-book.ts:[2m19:24[22m[39m
[90m [2m❯[22m src/features/reader/actions/__tests__/load-reader-book.test.ts:[2m94:7[22m[39m

[31m[2m⎯⎯⎯⎯⎯⎯⎯⎯⎯⎯⎯⎯⎯⎯⎯⎯⎯⎯⎯⎯⎯⎯⎯[5/13]⎯[22m[39m

[41m[1m FAIL [22m[49m src/features/reader/actions/__tests__/load-reader-book.test.ts[2m > [22mloadReaderBook[2m > [22msuccessful load[2m > [22msets readerDocument on successful load
[31m[1mTypeError[22m: Cannot read properties of undefined (reading 'opfXml')[39m
[36m [2m❯[22m EpubParser.parseBook src/services/epub/epub-parser.ts:[2m37:56[22m[39m
    [90m 35|[39m     [35mconst[39m extraction [33m=[39m [35mawait[39m [35mthis[39m[33m.[39mepubService[33m.[39m[34mextractOpf[39m(file)[33m;[39m
    [90m 36|[39m
    [90m 37|[39m     [35mconst[39m parsedEpub [33m=[39m [35mthis[39m[33m.[39mopfParser[33m.[39m[34mparse[39m(extraction[33m.[39mopfXml)[33m;[39m
    [90m   |[39m                                                        [31m^[39m
    [90m 38|[39m
    [90m 39|[39m     [35mconst[39m chapters [33m=[39m [35mawait[39m [35mthis[39m[33m.[39mchapterParser[33m.[39m[34mparseAllChapters[39m(
[90m [2m❯[22m Module.loadReaderBook src/features/reader/actions/load-reader-book.ts:[2m19:24[22m[39m
[90m [2m❯[22m src/features/reader/actions/__tests__/load-reader-book.test.ts:[2m104:7[22m[39m

[31m[2m⎯⎯⎯⎯⎯⎯⎯⎯⎯⎯⎯⎯⎯⎯⎯⎯⎯⎯⎯⎯⎯⎯⎯[6/13]⎯[22m[39m

[41m[1m FAIL [22m[49m src/features/reader/actions/__tests__/load-reader-book.test.ts[2m > [22mloadReaderBook[2m > [22msuccessful load[2m > [22msets parsedBook on successful load
[31m[1mTypeError[22m: Cannot read properties of undefined (reading 'opfXml')[39m
[36m [2m❯[22m EpubParser.parseBook src/services/epub/epub-parser.ts:[2m37:56[22m[39m
    [90m 35|[39m     [35mconst[39m extraction [33m=[39m [35mawait[39m [35mthis[39m[33m.[39mepubService[33m.[39m[34mextractOpf[39m(file)[33m;[39m
    [90m 36|[39m
    [90m 37|[39m     [35mconst[39m parsedEpub [33m=[39m [35mthis[39m[33m.[39mopfParser[33m.[39m[34mparse[39m(extraction[33m.[39mopfXml)[33m;[39m
    [90m   |[39m                                                        [31m^[39m
    [90m 38|[39m
    [90m 39|[39m     [35mconst[39m chapters [33m=[39m [35mawait[39m [35mthis[39m[33m.[39mchapterParser[33m.[39m[34mparseAllChapters[39m(
[90m [2m❯[22m Module.loadReaderBook src/features/reader/actions/load-reader-book.ts:[2m19:24[22m[39m
[90m [2m❯[22m src/features/reader/actions/__tests__/load-reader-book.test.ts:[2m114:7[22m[39m

[31m[2m⎯⎯⎯⎯⎯⎯⎯⎯⎯⎯⎯⎯⎯⎯⎯⎯⎯⎯⎯⎯⎯⎯⎯[7/13]⎯[22m[39m

[41m[1m FAIL [22m[49m src/features/reader/actions/__tests__/load-reader-book.test.ts[2m > [22mloadReaderBook[2m > [22mstate consistency[2m > [22monly updates store on success
[31m[1mTypeError[22m: Cannot read properties of undefined (reading 'opfXml')[39m
[36m [2m❯[22m EpubParser.parseBook src/services/epub/epub-parser.ts:[2m37:56[22m[39m
    [90m 35|[39m     [35mconst[39m extraction [33m=[39m [35mawait[39m [35mthis[39m[33m.[39mepubService[33m.[39m[34mextractOpf[39m(file)[33m;[39m
    [90m 36|[39m
    [90m 37|[39m     [35mconst[39m parsedEpub [33m=[39m [35mthis[39m[33m.[39mopfParser[33m.[39m[34mparse[39m(extraction[33m.[39mopfXml)[33m;[39m
    [90m   |[39m                                                        [31m^[39m
    [90m 38|[39m
    [90m 39|[39m     [35mconst[39m chapters [33m=[39m [35mawait[39m [35mthis[39m[33m.[39mchapterParser[33m.[39m[34mparseAllChapters[39m(
[90m [2m❯[22m Module.loadReaderBook src/features/reader/actions/load-reader-book.ts:[2m19:24[22m[39m
[90m [2m❯[22m src/features/reader/actions/__tests__/load-reader-book.test.ts:[2m215:7[22m[39m

[31m[2m⎯⎯⎯⎯⎯⎯⎯⎯⎯⎯⎯⎯⎯⎯⎯⎯⎯⎯⎯⎯⎯⎯⎯[8/13]⎯[22m[39m

[41m[1m FAIL [22m[49m src/features/reader/actions/__tests__/load-reader-book.test.ts[2m > [22mloadReaderBook[2m > [22mstate consistency[2m > [22mmaintains current chapter index during load
[31m[1mTypeError[22m: Cannot read properties of undefined (reading 'opfXml')[39m
[36m [2m❯[22m EpubParser.parseBook src/services/epub/epub-parser.ts:[2m37:56[22m[39m
    [90m 35|[39m     [35mconst[39m extraction [33m=[39m [35mawait[39m [35mthis[39m[33m.[39mepubService[33m.[39m[34mextractOpf[39m(file)[33m;[39m
    [90m 36|[39m
    [90m 37|[39m     [35mconst[39m parsedEpub [33m=[39m [35mthis[39m[33m.[39mopfParser[33m.[39m[34mparse[39m(extraction[33m.[39mopfXml)[33m;[39m
    [90m   |[39m                                                        [31m^[39m
    [90m 38|[39m
    [90m 39|[39m     [35mconst[39m chapters [33m=[39m [35mawait[39m [35mthis[39m[33m.[39mchapterParser[33m.[39m[34mparseAllChapters[39m(
[90m [2m❯[22m Module.loadReaderBook src/features/reader/actions/load-reader-book.ts:[2m19:24[22m[39m
[90m [2m❯[22m src/features/reader/actions/__tests__/load-reader-book.test.ts:[2m230:7[22m[39m

[31m[2m⎯⎯⎯⎯⎯⎯⎯⎯⎯⎯⎯⎯⎯⎯⎯⎯⎯⎯⎯⎯⎯⎯⎯[9/13]⎯[22m[39m

[41m[1m FAIL [22m[49m src/features/reader/actions/__tests__/load-reader-book.test.ts[2m > [22mloadReaderBook[2m > [22mstate consistency[2m > [22mmaintains loaded chapter indices during load
[31m[1mTypeError[22m: Cannot read properties of undefined (reading 'opfXml')[39m
[36m [2m❯[22m EpubParser.parseBook src/services/epub/epub-parser.ts:[2m37:56[22m[39m
    [90m 35|[39m     [35mconst[39m extraction [33m=[39m [35mawait[39m [35mthis[39m[33m.[39mepubService[33m.[39m[34mextractOpf[39m(file)[33m;[39m
    [90m 36|[39m
    [90m 37|[39m     [35mconst[39m parsedEpub [33m=[39m [35mthis[39m[33m.[39mopfParser[33m.[39m[34mparse[39m(extraction[33m.[39mopfXml)[33m;[39m
    [90m   |[39m                                                        [31m^[39m
    [90m 38|[39m
    [90m 39|[39m     [35mconst[39m chapters [33m=[39m [35mawait[39m [35mthis[39m[33m.[39mchapterParser[33m.[39m[34mparseAllChapters[39m(
[90m [2m❯[22m Module.loadReaderBook src/features/reader/actions/load-reader-book.ts:[2m19:24[22m[39m
[90m [2m❯[22m src/features/reader/actions/__tests__/load-reader-book.test.ts:[2m243:7[22m[39m

[31m[2m⎯⎯⎯⎯⎯⎯⎯⎯⎯⎯⎯⎯⎯⎯⎯⎯⎯⎯⎯⎯⎯⎯[10/13]⎯[22m[39m

[41m[1m FAIL [22m[49m src/features/reader/actions/__tests__/load-reader-book.test.ts[2m > [22mloadReaderBook[2m > [22masync behavior[2m > [22mresolves with undefined
[31m[1mTypeError[22m: Cannot read properties of undefined (reading 'opfXml')[39m
[36m [2m❯[22m EpubParser.parseBook src/services/epub/epub-parser.ts:[2m37:56[22m[39m
    [90m 35|[39m     [35mconst[39m extraction [33m=[39m [35mawait[39m [35mthis[39m[33m.[39mepubService[33m.[39m[34mextractOpf[39m(file)[33m;[39m
    [90m 36|[39m
    [90m 37|[39m     [35mconst[39m parsedEpub [33m=[39m [35mthis[39m[33m.[39mopfParser[33m.[39m[34mparse[39m(extraction[33m.[39mopfXml)[33m;[39m
    [90m   |[39m                                                        [31m^[39m
    [90m 38|[39m
    [90m 39|[39m     [35mconst[39m chapters [33m=[39m [35mawait[39m [35mthis[39m[33m.[39mchapterParser[33m.[39m[34mparseAllChapters[39m(
[90m [2m❯[22m Module.loadReaderBook src/features/reader/actions/load-reader-book.ts:[2m19:24[22m[39m
[90m [2m❯[22m src/features/reader/actions/__tests__/load-reader-book.test.ts:[2m261:22[22m[39m

[31m[2m⎯⎯⎯⎯⎯⎯⎯⎯⎯⎯⎯⎯⎯⎯⎯⎯⎯⎯⎯⎯⎯⎯[11/13]⎯[22m[39m

[41m[1m FAIL [22m[49m src/features/reader/actions/__tests__/load-reader-book.test.ts[2m > [22mloadReaderBook[2m > [22masync behavior[2m > [22mawaits getBookWithFile completion
[31m[1mTypeError[22m: Cannot read properties of undefined (reading 'opfXml')[39m
[36m [2m❯[22m EpubParser.parseBook src/services/epub/epub-parser.ts:[2m37:56[22m[39m
    [90m 35|[39m     [35mconst[39m extraction [33m=[39m [35mawait[39m [35mthis[39m[33m.[39mepubService[33m.[39m[34mextractOpf[39m(file)[33m;[39m
    [90m 36|[39m
    [90m 37|[39m     [35mconst[39m parsedEpub [33m=[39m [35mthis[39m[33m.[39mopfParser[33m.[39m[34mparse[39m(extraction[33m.[39mopfXml)[33m;[39m
    [90m   |[39m                                                        [31m^[39m
    [90m 38|[39m
    [90m 39|[39m     [35mconst[39m chapters [33m=[39m [35mawait[39m [35mthis[39m[33m.[39mchapterParser[33m.[39m[34mparseAllChapters[39m(
[90m [2m❯[22m Module.loadReaderBook src/features/reader/actions/load-reader-book.ts:[2m19:24[22m[39m
[90m [2m❯[22m src/features/reader/actions/__tests__/load-reader-book.test.ts:[2m276:7[22m[39m

[31m[2m⎯⎯⎯⎯⎯⎯⎯⎯⎯⎯⎯⎯⎯⎯⎯⎯⎯⎯⎯⎯⎯⎯[12/13]⎯[22m[39m

[41m[1m FAIL [22m[49m src/features/reader/engine/windowing/__tests__/chapter-window.test.ts[2m > [22mmaintainChapterWindow[2m > [22masset revocation[2m > [22mrevokes blob URLs for unmounted chapters
[31m[1mAssertionError[22m: expected "vi.fn()" to be called with arguments: [ +0 ][90m

Number of calls: [1m0[22m
[31m[39m
[36m [2m❯[22m src/features/reader/engine/windowing/__tests__/chapter-window.test.ts:[2m382:24[22m[39m
    [90m380|[39m
    [90m381|[39m       [90m// Now chapter 0 is outside window [0, 1, 2, 3, 4][39m
    [90m382|[39m       [34mexpect[39m(onUnload)[33m.[39m[34mtoHaveBeenCalledWith[39m([34m0[39m)[33m;[39m
    [90m   |[39m                        [31m^[39m
    [90m383|[39m       expect(revokeUrlSpy).toHaveBeenCalledWith(`blob:http://localhost…
    [90m384|[39m       expect(revokeUrlSpy).toHaveBeenCalledWith(`blob:http://localhost…

[31m[2m⎯⎯⎯⎯⎯⎯⎯⎯⎯⎯⎯⎯⎯⎯⎯⎯⎯⎯⎯⎯⎯⎯[13/13]⎯[22m[39m

[31m⎯⎯⎯⎯⎯⎯[39m[1m[41m Unhandled Errors [49m[22m[31m⎯⎯⎯⎯⎯⎯[39m
[31m[1m
Vitest caught 1 unhandled error during the test run.
This might cause false positive tests. Resolve unhandled errors to make sure your tests are not affected.[22m[39m

[31m⎯⎯⎯⎯[39m[1m[41m Unhandled Rejection [49m[22m[31m⎯⎯⎯⎯⎯[39m
[31m[1mError[22m: Book not found[39m
[36m [2m❯[22m Module.loadReaderBook src/features/reader/actions/load-reader-book.ts:[2m16:13[22m[39m
    [90m 14|[39m
    [90m 15|[39m     [35mif[39m ([33m![39mreaderDocument) {
    [90m 16|[39m       [35mthrow[39m [35mnew[39m [33mError[39m([32m"Book not found"[39m)[33m;[39m
    [90m   |[39m             [31m^[39m
    [90m 17|[39m     }
    [90m 18|[39m
[90m [2m❯[22m processTicksAndRejections node:internal/process/task_queues:[2m105:5[22m[39m

[31mThis error originated in "[1msrc/features/reader/actions/__tests__/load-reader-book.test.ts[22m" test file. It doesn't mean the error was thrown inside the file itself, but while it was running.[39m
[31mThe latest test that might've caused the error is "[1mawaits getBookWithFile completion[22m". It might mean one of the following:
- The error was thrown, while Vitest was running this test.
- If the error occurred after the test had been completed, this was the last documented test before it was thrown.[39m
[31m⎯⎯⎯⎯⎯⎯⎯⎯⎯⎯⎯⎯⎯⎯⎯⎯⎯⎯⎯⎯⎯⎯⎯⎯⎯⎯⎯⎯⎯⎯[39m


[2m Test Files [22m [1m[31m2 failed[39m[22m[2m | [22m[1m[32m19 passed[39m[22m[90m (21)[39m
[2m      Tests [22m [1m[31m13 failed[39m[22m[2m | [22m[1m[32m203 passed[39m[22m[90m (216)[39m
[2m     Errors [22m [1m[31m1 error[39m[22m
[2m   Start at [22m 20:57:03
[2m   Duration [22m 3.80s[2m (transform 449ms, setup 1.13s, import 1.20s, tests 687ms, environment 8.77s)[22m

[1m[30m[41m FAIL [49m[39m[22m [31mTests failed. Watching for file changes...[39m
       [2mpress [22m[1mh[22m[2m to show help[22m[2m, [22m[2mpress [22m[1mq[22m[2m to quit[22m
[31mCancelling test run. Press CTRL+c again to exit forcefully.
[39m
[ELIFECYCLE] Test failed. See above for more details.
